// Jest Snapshot v1, https://goo.gl/fbAQLP

exports[`Scan should render correctly 1`] = `
<View
  style={
    Object {
      "alignItems": "center",
      "flex": 1,
    }
  }
/>
`;
