// Jest Snapshot v1, https://goo.gl/fbAQLP

exports[`LedgerConfirmationModal should render correctly 1`] = `
<RCTSafeAreaView
  style={
    Object {
      "backgroundColor": "#FFFFFF",
      "borderTopLeftRadius": 10,
      "borderTopRightRadius": 10,
      "height": 450,
    }
  }
>
  <View
    style={
      Object {
        "alignItems": "center",
        "flex": 1,
        "marginTop": 35,
      }
    }
  >
    <Component />
  </View>
</RCTSafeAreaView>
`;
